../Core/Src/main.c:96:1:__io_putchar	16	static
../Core/Src/main.c:105:6:HAL_UART_RxCpltCallback	16	static
../Core/Src/main.c:117:5:main	8	static
../Core/Src/main.c:202:6:SystemClock_Config	88	static
../Core/Src/main.c:249:13:MX_USART3_UART_Init	8	static
../Core/Src/main.c:282:13:MX_GPIO_Init	48	static
../Core/Src/main.c:315:6:StartRead	16	static
../Core/Src/main.c:334:6:StartPrint	16	static
../Core/Src/main.c:353:6:StartControl	16	static
../Core/Src/main.c:389:6:HAL_TIM_PeriodElapsedCallback	16	static
../Core/Src/main.c:406:6:Error_Handler	4	static,ignoring_inline_asm
